[2025-08-02T08:32:33.492+0000][gc,init] CardTable entry size: 512
[2025-08-02T08:32:33.494+0000][gc     ] Using G1
[2025-08-02T08:32:33.501+0000][gc,init] Version: 21.0.7+6-LTS (release)
[2025-08-02T08:32:33.501+0000][gc,init] CPUs: 8 total, 8 available
[2025-08-02T08:32:33.501+0000][gc,init] Memory: 3919M
[2025-08-02T08:32:33.502+0000][gc,init] Large Page Support: Disabled
[2025-08-02T08:32:33.502+0000][gc,init] NUMA Support: Disabled
[2025-08-02T08:32:33.502+0000][gc,init] Compressed Oops: Enabled (32-bit)
[2025-08-02T08:32:33.502+0000][gc,init] Heap Region Size: 1M
[2025-08-02T08:32:33.502+0000][gc,init] Heap Min Capacity: 1G
[2025-08-02T08:32:33.502+0000][gc,init] Heap Initial Capacity: 1G
[2025-08-02T08:32:33.502+0000][gc,init] Heap Max Capacity: 1G
[2025-08-02T08:32:33.502+0000][gc,init] Pre-touch: Disabled
[2025-08-02T08:32:33.502+0000][gc,init] Parallel Workers: 8
[2025-08-02T08:32:33.502+0000][gc,init] Concurrent Workers: 2
[2025-08-02T08:32:33.503+0000][gc,init] Concurrent Refinement Workers: 8
[2025-08-02T08:32:33.503+0000][gc,init] Periodic GC: Disabled
[2025-08-02T08:32:33.512+0000][gc,metaspace] CDS archive(s) mapped at: [0x0000002000000000-0x0000002000ca0000-0x0000002000ca0000), size 13238272, SharedBaseAddress: 0x0000002000000000, ArchiveRelocationMode: 1.
[2025-08-02T08:32:33.518+0000][gc,metaspace] Compressed class space mapped at: 0x0000002001000000-0x0000002041000000, reserved size: 1073741824
[2025-08-02T08:32:33.519+0000][gc,metaspace] Narrow klass base: 0x0000002000000000, Narrow klass shift: 0, Narrow klass range: 0x100000000
[2025-08-02T08:32:34.451+0000][gc,start    ] GC(0) Pause Young (Normal) (G1 Evacuation Pause)
[2025-08-02T08:32:34.452+0000][gc,task     ] GC(0) Using 8 workers of 8 for evacuation
[2025-08-02T08:32:34.462+0000][gc,phases   ] GC(0)   Pre Evacuate Collection Set: 1.3ms
[2025-08-02T08:32:34.463+0000][gc,phases   ] GC(0)   Merge Heap Roots: 0.1ms
[2025-08-02T08:32:34.463+0000][gc,phases   ] GC(0)   Evacuate Collection Set: 7.2ms
[2025-08-02T08:32:34.463+0000][gc,phases   ] GC(0)   Post Evacuate Collection Set: 0.9ms
[2025-08-02T08:32:34.464+0000][gc,phases   ] GC(0)   Other: 1.5ms
[2025-08-02T08:32:34.464+0000][gc,heap     ] GC(0) Eden regions: 51->0(44)
[2025-08-02T08:32:34.464+0000][gc,heap     ] GC(0) Survivor regions: 0->7(7)
[2025-08-02T08:32:34.464+0000][gc,heap     ] GC(0) Old regions: 2->3
[2025-08-02T08:32:34.464+0000][gc,heap     ] GC(0) Humongous regions: 0->0
[2025-08-02T08:32:34.464+0000][gc,metaspace] GC(0) Metaspace: 16196K(16384K)->16196K(16384K) NonClass: 14427K(14528K)->14427K(14528K) Class: 1768K(1856K)->1768K(1856K)
[2025-08-02T08:32:34.464+0000][gc          ] GC(0) Pause Young (Normal) (G1 Evacuation Pause) 52M->8M(1024M) 13.382ms
[2025-08-02T08:32:34.464+0000][gc,cpu      ] GC(0) User=0.01s Sys=0.02s Real=0.01s
[2025-08-02T08:32:34.648+0000][gc,start    ] GC(1) Pause Young (Concurrent Start) (Metadata GC Threshold)
[2025-08-02T08:32:34.648+0000][gc,task     ] GC(1) Using 8 workers of 8 for evacuation
[2025-08-02T08:32:34.664+0000][gc,phases   ] GC(1)   Pre Evacuate Collection Set: 0.6ms
[2025-08-02T08:32:34.665+0000][gc,phases   ] GC(1)   Merge Heap Roots: 0.1ms
[2025-08-02T08:32:34.665+0000][gc,phases   ] GC(1)   Evacuate Collection Set: 14.4ms
[2025-08-02T08:32:34.665+0000][gc,phases   ] GC(1)   Post Evacuate Collection Set: 1.2ms
[2025-08-02T08:32:34.665+0000][gc,phases   ] GC(1)   Other: 0.3ms
[2025-08-02T08:32:34.665+0000][gc,heap     ] GC(1) Eden regions: 14->0(49)
[2025-08-02T08:32:34.665+0000][gc,heap     ] GC(1) Survivor regions: 7->2(7)
[2025-08-02T08:32:34.665+0000][gc,heap     ] GC(1) Old regions: 3->11
[2025-08-02T08:32:34.665+0000][gc,heap     ] GC(1) Humongous regions: 0->0
[2025-08-02T08:32:34.665+0000][gc,metaspace] GC(1) Metaspace: 21163K(21504K)->21163K(21504K) NonClass: 18662K(18880K)->18662K(18880K) Class: 2500K(2624K)->2500K(2624K)
[2025-08-02T08:32:34.665+0000][gc          ] GC(1) Pause Young (Concurrent Start) (Metadata GC Threshold) 22M->10M(1024M) 17.842ms
[2025-08-02T08:32:34.666+0000][gc,cpu      ] GC(1) User=0.02s Sys=0.01s Real=0.02s
[2025-08-02T08:32:34.666+0000][gc          ] GC(2) Concurrent Mark Cycle
[2025-08-02T08:32:34.666+0000][gc,marking  ] GC(2) Concurrent Scan Root Regions
[2025-08-02T08:32:34.670+0000][gc,marking  ] GC(2) Concurrent Scan Root Regions 3.884ms
[2025-08-02T08:32:34.670+0000][gc,marking  ] GC(2) Concurrent Mark
[2025-08-02T08:32:34.670+0000][gc,marking  ] GC(2) Concurrent Mark From Roots
[2025-08-02T08:32:34.670+0000][gc,task     ] GC(2) Using 2 workers of 2 for marking
[2025-08-02T08:32:34.673+0000][gc,marking  ] GC(2) Concurrent Mark From Roots 2.380ms
[2025-08-02T08:32:34.673+0000][gc,marking  ] GC(2) Concurrent Preclean
[2025-08-02T08:32:34.673+0000][gc,marking  ] GC(2) Concurrent Preclean 0.594ms
[2025-08-02T08:32:34.674+0000][gc,start    ] GC(2) Pause Remark
[2025-08-02T08:32:34.681+0000][gc          ] GC(2) Pause Remark 11M->11M(1024M) 6.751ms
[2025-08-02T08:32:34.681+0000][gc,cpu      ] GC(2) User=0.01s Sys=0.01s Real=0.01s
[2025-08-02T08:32:34.681+0000][gc,marking  ] GC(2) Concurrent Mark 11.228ms
[2025-08-02T08:32:34.687+0000][gc,marking  ] GC(2) Concurrent Rebuild Remembered Sets and Scrub Regions
[2025-08-02T08:32:34.689+0000][gc,marking  ] GC(2) Concurrent Rebuild Remembered Sets and Scrub Regions 2.509ms
[2025-08-02T08:32:34.691+0000][gc,start    ] GC(2) Pause Cleanup
[2025-08-02T08:32:34.693+0000][gc          ] GC(2) Pause Cleanup 11M->11M(1024M) 1.706ms
[2025-08-02T08:32:34.694+0000][gc,cpu      ] GC(2) User=0.00s Sys=0.00s Real=0.00s
[2025-08-02T08:32:34.694+0000][gc,marking  ] GC(2) Concurrent Clear Claimed Marks
[2025-08-02T08:32:34.696+0000][gc,marking  ] GC(2) Concurrent Clear Claimed Marks 1.482ms
[2025-08-02T08:32:34.696+0000][gc,marking  ] GC(2) Concurrent Cleanup for Next Mark
[2025-08-02T08:32:34.709+0000][gc,marking  ] GC(2) Concurrent Cleanup for Next Mark 12.830ms
[2025-08-02T08:32:34.709+0000][gc          ] GC(2) Concurrent Mark Cycle 43.895ms
[2025-08-02T08:32:35.626+0000][gc,start    ] GC(3) Pause Young (Prepare Mixed) (G1 Evacuation Pause)
[2025-08-02T08:32:35.627+0000][gc,task     ] GC(3) Using 8 workers of 8 for evacuation
[2025-08-02T08:32:35.646+0000][gc,phases   ] GC(3)   Pre Evacuate Collection Set: 4.5ms
[2025-08-02T08:32:35.646+0000][gc,phases   ] GC(3)   Merge Heap Roots: 5.3ms
[2025-08-02T08:32:35.646+0000][gc,phases   ] GC(3)   Evacuate Collection Set: 7.1ms
[2025-08-02T08:32:35.646+0000][gc,phases   ] GC(3)   Post Evacuate Collection Set: 0.9ms
[2025-08-02T08:32:35.646+0000][gc,phases   ] GC(3)   Other: 1.1ms
[2025-08-02T08:32:35.646+0000][gc,heap     ] GC(3) Eden regions: 49->0(45)
[2025-08-02T08:32:35.646+0000][gc,heap     ] GC(3) Survivor regions: 2->6(7)
[2025-08-02T08:32:35.646+0000][gc,heap     ] GC(3) Old regions: 11->11
[2025-08-02T08:32:35.646+0000][gc,heap     ] GC(3) Humongous regions: 9->9
[2025-08-02T08:32:35.647+0000][gc,metaspace] GC(3) Metaspace: 33932K(34432K)->33932K(34432K) NonClass: 30064K(30336K)->30064K(30336K) Class: 3867K(4096K)->3867K(4096K)
[2025-08-02T08:32:35.647+0000][gc          ] GC(3) Pause Young (Prepare Mixed) (G1 Evacuation Pause) 68M->24M(1024M) 20.284ms
[2025-08-02T08:32:35.647+0000][gc,cpu      ] GC(3) User=0.03s Sys=0.00s Real=0.02s
[2025-08-02T08:32:35.764+0000][gc,start    ] GC(4) Pause Young (Mixed) (Metadata GC Threshold)
[2025-08-02T08:32:35.765+0000][gc,task     ] GC(4) Using 8 workers of 8 for evacuation
[2025-08-02T08:32:35.775+0000][gc,phases   ] GC(4)   Pre Evacuate Collection Set: 0.3ms
[2025-08-02T08:32:35.775+0000][gc,phases   ] GC(4)   Merge Heap Roots: 0.0ms
[2025-08-02T08:32:35.775+0000][gc,phases   ] GC(4)   Evacuate Collection Set: 6.6ms
[2025-08-02T08:32:35.775+0000][gc,phases   ] GC(4)   Post Evacuate Collection Set: 2.1ms
[2025-08-02T08:32:35.775+0000][gc,phases   ] GC(4)   Other: 0.9ms
[2025-08-02T08:32:35.775+0000][gc,heap     ] GC(4) Eden regions: 8->0(50)
[2025-08-02T08:32:35.775+0000][gc,heap     ] GC(4) Survivor regions: 6->1(7)
[2025-08-02T08:32:35.775+0000][gc,heap     ] GC(4) Old regions: 11->15
[2025-08-02T08:32:35.775+0000][gc,heap     ] GC(4) Humongous regions: 9->9
[2025-08-02T08:32:35.775+0000][gc,metaspace] GC(4) Metaspace: 35430K(35968K)->35430K(35968K) NonClass: 31397K(31680K)->31397K(31680K) Class: 4032K(4288K)->4032K(4288K)
[2025-08-02T08:32:35.776+0000][gc          ] GC(4) Pause Young (Mixed) (Metadata GC Threshold) 31M->24M(1024M) 11.444ms
[2025-08-02T08:32:35.776+0000][gc,cpu      ] GC(4) User=0.01s Sys=0.01s Real=0.01s
[2025-08-02T08:32:35.790+0000][gc,start    ] GC(5) Pause Young (Concurrent Start) (Metadata GC Threshold)
[2025-08-02T08:32:35.790+0000][gc,task     ] GC(5) Using 8 workers of 8 for evacuation
[2025-08-02T08:32:35.793+0000][gc,phases   ] GC(5)   Pre Evacuate Collection Set: 0.3ms
[2025-08-02T08:32:35.793+0000][gc,phases   ] GC(5)   Merge Heap Roots: 0.1ms
[2025-08-02T08:32:35.793+0000][gc,phases   ] GC(5)   Evacuate Collection Set: 1.5ms
[2025-08-02T08:32:35.793+0000][gc,phases   ] GC(5)   Post Evacuate Collection Set: 0.9ms
[2025-08-02T08:32:35.793+0000][gc,phases   ] GC(5)   Other: 0.1ms
[2025-08-02T08:32:35.793+0000][gc,heap     ] GC(5) Eden regions: 3->0(50)
[2025-08-02T08:32:35.793+0000][gc,heap     ] GC(5) Survivor regions: 1->1(7)
[2025-08-02T08:32:35.793+0000][gc,heap     ] GC(5) Old regions: 15->15
[2025-08-02T08:32:35.793+0000][gc,heap     ] GC(5) Humongous regions: 9->9
[2025-08-02T08:32:35.793+0000][gc,metaspace] GC(5) Metaspace: 35734K(36288K)->35734K(36288K) NonClass: 31664K(32000K)->31664K(32000K) Class: 4070K(4288K)->4070K(4288K)
[2025-08-02T08:32:35.793+0000][gc          ] GC(5) Pause Young (Concurrent Start) (Metadata GC Threshold) 27M->24M(1024M) 3.207ms
[2025-08-02T08:32:35.797+0000][gc,cpu      ] GC(5) User=0.00s Sys=0.00s Real=0.00s
[2025-08-02T08:32:35.797+0000][gc          ] GC(6) Concurrent Mark Cycle
[2025-08-02T08:32:35.797+0000][gc,marking  ] GC(6) Concurrent Scan Root Regions
[2025-08-02T08:32:35.798+0000][gc,marking  ] GC(6) Concurrent Scan Root Regions 0.817ms
[2025-08-02T08:32:35.798+0000][gc,marking  ] GC(6) Concurrent Mark
[2025-08-02T08:32:35.799+0000][gc,marking  ] GC(6) Concurrent Mark From Roots
[2025-08-02T08:32:35.800+0000][gc,task     ] GC(6) Using 2 workers of 2 for marking
[2025-08-02T08:32:35.813+0000][gc,marking  ] GC(6) Concurrent Mark From Roots 14.581ms
[2025-08-02T08:32:35.814+0000][gc,marking  ] GC(6) Concurrent Preclean
[2025-08-02T08:32:35.814+0000][gc,marking  ] GC(6) Concurrent Preclean 0.115ms
[2025-08-02T08:32:35.814+0000][gc,start    ] GC(6) Pause Remark
[2025-08-02T08:32:35.821+0000][gc          ] GC(6) Pause Remark 26M->26M(1024M) 6.821ms
[2025-08-02T08:32:35.821+0000][gc,cpu      ] GC(6) User=0.01s Sys=0.00s Real=0.01s
[2025-08-02T08:32:35.822+0000][gc,marking  ] GC(6) Concurrent Mark 23.655ms
[2025-08-02T08:32:35.822+0000][gc,marking  ] GC(6) Concurrent Rebuild Remembered Sets and Scrub Regions
[2025-08-02T08:32:35.830+0000][gc,marking  ] GC(6) Concurrent Rebuild Remembered Sets and Scrub Regions 7.379ms
[2025-08-02T08:32:35.830+0000][gc,start    ] GC(6) Pause Cleanup
[2025-08-02T08:32:35.830+0000][gc          ] GC(6) Pause Cleanup 26M->26M(1024M) 0.301ms
[2025-08-02T08:32:35.830+0000][gc,cpu      ] GC(6) User=0.00s Sys=0.00s Real=0.00s
[2025-08-02T08:32:35.831+0000][gc,marking  ] GC(6) Concurrent Clear Claimed Marks
[2025-08-02T08:32:35.831+0000][gc,marking  ] GC(6) Concurrent Clear Claimed Marks 0.144ms
[2025-08-02T08:32:35.831+0000][gc,marking  ] GC(6) Concurrent Cleanup for Next Mark
[2025-08-02T08:32:35.838+0000][gc,marking  ] GC(6) Concurrent Cleanup for Next Mark 7.423ms
[2025-08-02T08:32:35.839+0000][gc          ] GC(6) Concurrent Mark Cycle 41.582ms
[2025-08-02T08:33:02.088+0000][gc,start    ] GC(7) Pause Young (Prepare Mixed) (G1 Evacuation Pause)
[2025-08-02T08:33:02.089+0000][gc,task     ] GC(7) Using 8 workers of 8 for evacuation
[2025-08-02T08:33:02.108+0000][gc,phases   ] GC(7)   Pre Evacuate Collection Set: 2.4ms
[2025-08-02T08:33:02.108+0000][gc,phases   ] GC(7)   Merge Heap Roots: 0.3ms
[2025-08-02T08:33:02.108+0000][gc,phases   ] GC(7)   Evacuate Collection Set: 14.2ms
[2025-08-02T08:33:02.108+0000][gc,phases   ] GC(7)   Post Evacuate Collection Set: 1.7ms
[2025-08-02T08:33:02.108+0000][gc,phases   ] GC(7)   Other: 0.2ms
[2025-08-02T08:33:02.108+0000][gc,heap     ] GC(7) Eden regions: 50->0(44)
[2025-08-02T08:33:02.108+0000][gc,heap     ] GC(7) Survivor regions: 1->7(7)
[2025-08-02T08:33:02.108+0000][gc,heap     ] GC(7) Old regions: 15->17
[2025-08-02T08:33:02.108+0000][gc,heap     ] GC(7) Humongous regions: 138->138
[2025-08-02T08:33:02.109+0000][gc,metaspace] GC(7) Metaspace: 44302K(45248K)->44302K(45248K) NonClass: 39096K(39616K)->39096K(39616K) Class: 5206K(5632K)->5206K(5632K)
[2025-08-02T08:33:02.109+0000][gc          ] GC(7) Pause Young (Prepare Mixed) (G1 Evacuation Pause) 203M->161M(1024M) 20.271ms
[2025-08-02T08:33:02.109+0000][gc,cpu      ] GC(7) User=0.10s Sys=0.01s Real=0.02s
[2025-08-02T08:34:48.062+0000][gc,start    ] GC(8) Pause Young (Mixed) (G1 Evacuation Pause)
[2025-08-02T08:34:48.063+0000][gc,task     ] GC(8) Using 8 workers of 8 for evacuation
[2025-08-02T08:34:48.142+0000][gc,mmu      ] GC(8) MMU target violated: 21.0ms (20.0ms/21.0ms)
[2025-08-02T08:34:48.143+0000][gc,phases   ] GC(8)   Pre Evacuate Collection Set: 3.6ms
[2025-08-02T08:34:48.143+0000][gc,phases   ] GC(8)   Merge Heap Roots: 0.3ms
[2025-08-02T08:34:48.143+0000][gc,phases   ] GC(8)   Evacuate Collection Set: 71.0ms
[2025-08-02T08:34:48.143+0000][gc,phases   ] GC(8)   Post Evacuate Collection Set: 3.6ms
[2025-08-02T08:34:48.143+0000][gc,phases   ] GC(8)   Other: 0.8ms
[2025-08-02T08:34:48.143+0000][gc,heap     ] GC(8) Eden regions: 44->0(47)
[2025-08-02T08:34:48.143+0000][gc,heap     ] GC(8) Survivor regions: 7->4(7)
[2025-08-02T08:34:48.143+0000][gc,heap     ] GC(8) Old regions: 17->23
[2025-08-02T08:34:48.143+0000][gc,heap     ] GC(8) Humongous regions: 140->140
[2025-08-02T08:34:48.144+0000][gc,metaspace] GC(8) Metaspace: 47913K(48960K)->47913K(48960K) NonClass: 42427K(43008K)->42427K(43008K) Class: 5486K(5952K)->5486K(5952K)
[2025-08-02T08:34:48.144+0000][gc          ] GC(8) Pause Young (Mixed) (G1 Evacuation Pause) 207M->166M(1024M) 81.810ms
[2025-08-02T08:34:48.144+0000][gc,cpu      ] GC(8) User=0.32s Sys=0.15s Real=0.08s
[2025-08-02T08:38:19.284+0000][gc,start    ] GC(9) Pause Young (Normal) (G1 Evacuation Pause)
[2025-08-02T08:38:19.293+0000][gc,task     ] GC(9) Using 8 workers of 8 for evacuation
[2025-08-02T08:38:19.326+0000][gc,mmu      ] GC(9) MMU target violated: 21.0ms (20.0ms/21.0ms)
[2025-08-02T08:38:19.326+0000][gc,phases   ] GC(9)   Pre Evacuate Collection Set: 4.9ms
[2025-08-02T08:38:19.326+0000][gc,phases   ] GC(9)   Merge Heap Roots: 0.3ms
[2025-08-02T08:38:19.326+0000][gc,phases   ] GC(9)   Evacuate Collection Set: 25.2ms
[2025-08-02T08:38:19.326+0000][gc,phases   ] GC(9)   Post Evacuate Collection Set: 1.3ms
[2025-08-02T08:38:19.326+0000][gc,phases   ] GC(9)   Other: 0.8ms
[2025-08-02T08:38:19.326+0000][gc,heap     ] GC(9) Eden regions: 47->0(45)
[2025-08-02T08:38:19.326+0000][gc,heap     ] GC(9) Survivor regions: 4->6(7)
[2025-08-02T08:38:19.326+0000][gc,heap     ] GC(9) Old regions: 23->23
[2025-08-02T08:38:19.326+0000][gc,heap     ] GC(9) Humongous regions: 140->140
[2025-08-02T08:38:19.326+0000][gc,metaspace] GC(9) Metaspace: 48390K(49408K)->48390K(49408K) NonClass: 42901K(43456K)->42901K(43456K) Class: 5489K(5952K)->5489K(5952K)
[2025-08-02T08:38:19.326+0000][gc          ] GC(9) Pause Young (Normal) (G1 Evacuation Pause) 213M->168M(1024M) 42.265ms
[2025-08-02T08:38:19.326+0000][gc,cpu      ] GC(9) User=0.23s Sys=0.00s Real=0.04s
[2025-08-02T08:40:31.713+0000][gc,heap,exit] Heap
[2025-08-02T08:40:31.713+0000][gc,heap,exit]  garbage-first heap   total 1048576K, used 216102K [0x00000000c0000000, 0x0000000100000000)
[2025-08-02T08:40:31.713+0000][gc,heap,exit]   region size 1024K, 49 young (50176K), 6 survivors (6144K)
[2025-08-02T08:40:31.713+0000][gc,heap,exit]  Metaspace       used 49676K, committed 50752K, reserved 1114112K
[2025-08-02T08:40:31.713+0000][gc,heap,exit]   class space    used 5729K, committed 6208K, reserved 1048576K
