[2025-08-02T08:42:35.937+0000][gc,init] CardTable entry size: 512
[2025-08-02T08:42:35.937+0000][gc     ] Using G1
[2025-08-02T08:42:35.944+0000][gc,init] Version: 21.0.7+6-LTS (release)
[2025-08-02T08:42:35.944+0000][gc,init] CPUs: 8 total, 8 available
[2025-08-02T08:42:35.944+0000][gc,init] Memory: 3919M
[2025-08-02T08:42:35.945+0000][gc,init] Large Page Support: Disabled
[2025-08-02T08:42:35.945+0000][gc,init] NUMA Support: Disabled
[2025-08-02T08:42:35.945+0000][gc,init] Compressed Oops: Enabled (32-bit)
[2025-08-02T08:42:35.945+0000][gc,init] Heap Region Size: 1M
[2025-08-02T08:42:35.946+0000][gc,init] Heap Min Capacity: 1G
[2025-08-02T08:42:35.946+0000][gc,init] Heap Initial Capacity: 1G
[2025-08-02T08:42:35.946+0000][gc,init] Heap Max Capacity: 1G
[2025-08-02T08:42:35.946+0000][gc,init] Pre-touch: Disabled
[2025-08-02T08:42:35.947+0000][gc,init] Parallel Workers: 8
[2025-08-02T08:42:35.947+0000][gc,init] Concurrent Workers: 2
[2025-08-02T08:42:35.948+0000][gc,init] Concurrent Refinement Workers: 8
[2025-08-02T08:42:35.948+0000][gc,init] Periodic GC: Disabled
[2025-08-02T08:42:35.955+0000][gc,metaspace] CDS archive(s) mapped at: [0x000000e000000000-0x000000e000ca0000-0x000000e000ca0000), size 13238272, SharedBaseAddress: 0x000000e000000000, ArchiveRelocationMode: 1.
[2025-08-02T08:42:35.955+0000][gc,metaspace] Compressed class space mapped at: 0x000000e001000000-0x000000e041000000, reserved size: 1073741824
[2025-08-02T08:42:35.955+0000][gc,metaspace] Narrow klass base: 0x000000e000000000, Narrow klass shift: 0, Narrow klass range: 0x100000000
[2025-08-02T08:42:36.687+0000][gc,start    ] GC(0) Pause Young (Normal) (G1 Evacuation Pause)
[2025-08-02T08:42:36.688+0000][gc,task     ] GC(0) Using 8 workers of 8 for evacuation
[2025-08-02T08:42:36.698+0000][gc,phases   ] GC(0)   Pre Evacuate Collection Set: 0.3ms
[2025-08-02T08:42:36.698+0000][gc,phases   ] GC(0)   Merge Heap Roots: 0.1ms
[2025-08-02T08:42:36.698+0000][gc,phases   ] GC(0)   Evacuate Collection Set: 6.6ms
[2025-08-02T08:42:36.698+0000][gc,phases   ] GC(0)   Post Evacuate Collection Set: 0.8ms
[2025-08-02T08:42:36.698+0000][gc,phases   ] GC(0)   Other: 2.3ms
[2025-08-02T08:42:36.698+0000][gc,heap     ] GC(0) Eden regions: 51->0(44)
[2025-08-02T08:42:36.698+0000][gc,heap     ] GC(0) Survivor regions: 0->7(7)
[2025-08-02T08:42:36.698+0000][gc,heap     ] GC(0) Old regions: 2->4
[2025-08-02T08:42:36.699+0000][gc,heap     ] GC(0) Humongous regions: 0->0
[2025-08-02T08:42:36.699+0000][gc,metaspace] GC(0) Metaspace: 16080K(16320K)->16080K(16320K) NonClass: 14322K(14464K)->14322K(14464K) Class: 1758K(1856K)->1758K(1856K)
[2025-08-02T08:42:36.699+0000][gc          ] GC(0) Pause Young (Normal) (G1 Evacuation Pause) 52M->9M(1024M) 11.594ms
[2025-08-02T08:42:36.699+0000][gc,cpu      ] GC(0) User=0.01s Sys=0.00s Real=0.01s
[2025-08-02T08:42:36.881+0000][gc,start    ] GC(1) Pause Young (Concurrent Start) (Metadata GC Threshold)
[2025-08-02T08:42:36.881+0000][gc,task     ] GC(1) Using 8 workers of 8 for evacuation
[2025-08-02T08:42:36.894+0000][gc,phases   ] GC(1)   Pre Evacuate Collection Set: 0.6ms
[2025-08-02T08:42:36.894+0000][gc,phases   ] GC(1)   Merge Heap Roots: 0.1ms
[2025-08-02T08:42:36.897+0000][gc,phases   ] GC(1)   Evacuate Collection Set: 11.4ms
[2025-08-02T08:42:36.898+0000][gc,phases   ] GC(1)   Post Evacuate Collection Set: 0.9ms
[2025-08-02T08:42:36.898+0000][gc,phases   ] GC(1)   Other: 0.2ms
[2025-08-02T08:42:36.898+0000][gc,heap     ] GC(1) Eden regions: 15->0(49)
[2025-08-02T08:42:36.898+0000][gc,heap     ] GC(1) Survivor regions: 7->2(7)
[2025-08-02T08:42:36.898+0000][gc,heap     ] GC(1) Old regions: 4->11
[2025-08-02T08:42:36.898+0000][gc,heap     ] GC(1) Humongous regions: 0->0
[2025-08-02T08:42:36.898+0000][gc,metaspace] GC(1) Metaspace: 21234K(21504K)->21234K(21504K) NonClass: 18719K(18816K)->18719K(18816K) Class: 2514K(2688K)->2514K(2688K)
[2025-08-02T08:42:36.898+0000][gc          ] GC(1) Pause Young (Concurrent Start) (Metadata GC Threshold) 23M->10M(1024M) 17.792ms
[2025-08-02T08:42:36.899+0000][gc,cpu      ] GC(1) User=0.02s Sys=0.01s Real=0.02s
[2025-08-02T08:42:36.899+0000][gc          ] GC(2) Concurrent Mark Cycle
[2025-08-02T08:42:36.902+0000][gc,marking  ] GC(2) Concurrent Scan Root Regions
[2025-08-02T08:42:36.904+0000][gc,marking  ] GC(2) Concurrent Scan Root Regions 1.936ms
[2025-08-02T08:42:36.904+0000][gc,marking  ] GC(2) Concurrent Mark
[2025-08-02T08:42:36.905+0000][gc,marking  ] GC(2) Concurrent Mark From Roots
[2025-08-02T08:42:36.905+0000][gc,task     ] GC(2) Using 2 workers of 2 for marking
[2025-08-02T08:42:36.908+0000][gc,marking  ] GC(2) Concurrent Mark From Roots 3.575ms
[2025-08-02T08:42:36.908+0000][gc,marking  ] GC(2) Concurrent Preclean
[2025-08-02T08:42:36.908+0000][gc,marking  ] GC(2) Concurrent Preclean 0.089ms
[2025-08-02T08:42:36.909+0000][gc,start    ] GC(2) Pause Remark
[2025-08-02T08:42:36.917+0000][gc          ] GC(2) Pause Remark 11M->11M(1024M) 8.766ms
[2025-08-02T08:42:36.917+0000][gc,cpu      ] GC(2) User=0.01s Sys=0.00s Real=0.01s
[2025-08-02T08:42:36.918+0000][gc,marking  ] GC(2) Concurrent Mark 13.380ms
[2025-08-02T08:42:36.918+0000][gc,marking  ] GC(2) Concurrent Rebuild Remembered Sets and Scrub Regions
[2025-08-02T08:42:36.920+0000][gc,marking  ] GC(2) Concurrent Rebuild Remembered Sets and Scrub Regions 2.258ms
[2025-08-02T08:42:36.921+0000][gc,start    ] GC(2) Pause Cleanup
[2025-08-02T08:42:36.922+0000][gc          ] GC(2) Pause Cleanup 11M->11M(1024M) 0.493ms
[2025-08-02T08:42:36.922+0000][gc,cpu      ] GC(2) User=0.00s Sys=0.00s Real=0.00s
[2025-08-02T08:42:36.922+0000][gc,marking  ] GC(2) Concurrent Clear Claimed Marks
[2025-08-02T08:42:36.923+0000][gc,marking  ] GC(2) Concurrent Clear Claimed Marks 1.617ms
[2025-08-02T08:42:36.924+0000][gc,marking  ] GC(2) Concurrent Cleanup for Next Mark
[2025-08-02T08:42:36.939+0000][gc,marking  ] GC(2) Concurrent Cleanup for Next Mark 15.244ms
[2025-08-02T08:42:36.939+0000][gc          ] GC(2) Concurrent Mark Cycle 40.650ms
[2025-08-02T08:42:37.727+0000][gc,start    ] GC(3) Pause Young (Prepare Mixed) (G1 Evacuation Pause)
[2025-08-02T08:42:37.728+0000][gc,task     ] GC(3) Using 8 workers of 8 for evacuation
[2025-08-02T08:42:37.738+0000][gc,phases   ] GC(3)   Pre Evacuate Collection Set: 0.6ms
[2025-08-02T08:42:37.739+0000][gc,phases   ] GC(3)   Merge Heap Roots: 0.0ms
[2025-08-02T08:42:37.739+0000][gc,phases   ] GC(3)   Evacuate Collection Set: 8.6ms
[2025-08-02T08:42:37.740+0000][gc,phases   ] GC(3)   Post Evacuate Collection Set: 1.3ms
[2025-08-02T08:42:37.740+0000][gc,phases   ] GC(3)   Other: 0.2ms
[2025-08-02T08:42:37.740+0000][gc,heap     ] GC(3) Eden regions: 49->0(45)
[2025-08-02T08:42:37.740+0000][gc,heap     ] GC(3) Survivor regions: 2->6(7)
[2025-08-02T08:42:37.740+0000][gc,heap     ] GC(3) Old regions: 11->11
[2025-08-02T08:42:37.740+0000][gc,heap     ] GC(3) Humongous regions: 9->9
[2025-08-02T08:42:37.740+0000][gc,metaspace] GC(3) Metaspace: 33957K(34432K)->33957K(34432K) NonClass: 30085K(30336K)->30085K(30336K) Class: 3872K(4096K)->3872K(4096K)
[2025-08-02T08:42:37.741+0000][gc          ] GC(3) Pause Young (Prepare Mixed) (G1 Evacuation Pause) 68M->23M(1024M) 13.191ms
[2025-08-02T08:42:37.741+0000][gc,cpu      ] GC(3) User=0.01s Sys=0.01s Real=0.01s
[2025-08-02T08:42:37.903+0000][gc,start    ] GC(4) Pause Young (Mixed) (Metadata GC Threshold)
[2025-08-02T08:42:37.903+0000][gc,task     ] GC(4) Using 8 workers of 8 for evacuation
[2025-08-02T08:42:37.912+0000][gc,phases   ] GC(4)   Pre Evacuate Collection Set: 0.3ms
[2025-08-02T08:42:37.912+0000][gc,phases   ] GC(4)   Merge Heap Roots: 0.0ms
[2025-08-02T08:42:37.913+0000][gc,phases   ] GC(4)   Evacuate Collection Set: 6.3ms
[2025-08-02T08:42:37.913+0000][gc,phases   ] GC(4)   Post Evacuate Collection Set: 0.6ms
[2025-08-02T08:42:37.913+0000][gc,phases   ] GC(4)   Other: 2.3ms
[2025-08-02T08:42:37.913+0000][gc,heap     ] GC(4) Eden regions: 9->0(50)
[2025-08-02T08:42:37.913+0000][gc,heap     ] GC(4) Survivor regions: 6->1(7)
[2025-08-02T08:42:37.913+0000][gc,heap     ] GC(4) Old regions: 11->15
[2025-08-02T08:42:37.913+0000][gc,heap     ] GC(4) Humongous regions: 9->9
[2025-08-02T08:42:37.913+0000][gc,metaspace] GC(4) Metaspace: 35731K(36288K)->35731K(36288K) NonClass: 31659K(32000K)->31659K(32000K) Class: 4071K(4288K)->4071K(4288K)
[2025-08-02T08:42:37.913+0000][gc          ] GC(4) Pause Young (Mixed) (Metadata GC Threshold) 32M->24M(1024M) 10.740ms
[2025-08-02T08:42:37.913+0000][gc,cpu      ] GC(4) User=0.02s Sys=0.01s Real=0.01s
[2025-08-02T08:42:37.955+0000][gc,start    ] GC(5) Pause Young (Concurrent Start) (Metadata GC Threshold)
[2025-08-02T08:42:37.956+0000][gc,task     ] GC(5) Using 8 workers of 8 for evacuation
[2025-08-02T08:42:37.961+0000][gc,phases   ] GC(5)   Pre Evacuate Collection Set: 0.3ms
[2025-08-02T08:42:37.961+0000][gc,phases   ] GC(5)   Merge Heap Roots: 0.1ms
[2025-08-02T08:42:37.961+0000][gc,phases   ] GC(5)   Evacuate Collection Set: 1.8ms
[2025-08-02T08:42:37.961+0000][gc,phases   ] GC(5)   Post Evacuate Collection Set: 0.5ms
[2025-08-02T08:42:37.961+0000][gc,phases   ] GC(5)   Other: 2.3ms
[2025-08-02T08:42:37.961+0000][gc,heap     ] GC(5) Eden regions: 3->0(50)
[2025-08-02T08:42:37.961+0000][gc,heap     ] GC(5) Survivor regions: 1->1(7)
[2025-08-02T08:42:37.961+0000][gc,heap     ] GC(5) Old regions: 15->15
[2025-08-02T08:42:37.962+0000][gc,heap     ] GC(5) Humongous regions: 9->9
[2025-08-02T08:42:37.962+0000][gc,metaspace] GC(5) Metaspace: 36131K(36608K)->36131K(36608K) NonClass: 31996K(32256K)->31996K(32256K) Class: 4134K(4352K)->4134K(4352K)
[2025-08-02T08:42:37.962+0000][gc          ] GC(5) Pause Young (Concurrent Start) (Metadata GC Threshold) 26M->24M(1024M) 6.171ms
[2025-08-02T08:42:37.962+0000][gc,cpu      ] GC(5) User=0.00s Sys=0.00s Real=0.00s
[2025-08-02T08:42:37.962+0000][gc          ] GC(6) Concurrent Mark Cycle
[2025-08-02T08:42:37.962+0000][gc,marking  ] GC(6) Concurrent Scan Root Regions
[2025-08-02T08:42:37.963+0000][gc,marking  ] GC(6) Concurrent Scan Root Regions 0.863ms
[2025-08-02T08:42:37.963+0000][gc,marking  ] GC(6) Concurrent Mark
[2025-08-02T08:42:37.963+0000][gc,marking  ] GC(6) Concurrent Mark From Roots
[2025-08-02T08:42:37.963+0000][gc,task     ] GC(6) Using 2 workers of 2 for marking
[2025-08-02T08:42:37.975+0000][gc,marking  ] GC(6) Concurrent Mark From Roots 11.679ms
[2025-08-02T08:42:37.975+0000][gc,marking  ] GC(6) Concurrent Preclean
[2025-08-02T08:42:37.977+0000][gc,marking  ] GC(6) Concurrent Preclean 1.187ms
[2025-08-02T08:42:37.982+0000][gc,start    ] GC(6) Pause Remark
[2025-08-02T08:42:37.985+0000][gc          ] GC(6) Pause Remark 25M->25M(1024M) 3.236ms
[2025-08-02T08:42:37.986+0000][gc,cpu      ] GC(6) User=0.01s Sys=0.00s Real=0.00s
[2025-08-02T08:42:37.987+0000][gc,marking  ] GC(6) Concurrent Mark 23.888ms
[2025-08-02T08:42:37.992+0000][gc,marking  ] GC(6) Concurrent Rebuild Remembered Sets and Scrub Regions
[2025-08-02T08:42:38.000+0000][gc,marking  ] GC(6) Concurrent Rebuild Remembered Sets and Scrub Regions 7.649ms
[2025-08-02T08:42:38.001+0000][gc,start    ] GC(6) Pause Cleanup
[2025-08-02T08:42:38.001+0000][gc          ] GC(6) Pause Cleanup 27M->27M(1024M) 0.281ms
[2025-08-02T08:42:38.002+0000][gc,cpu      ] GC(6) User=0.00s Sys=0.00s Real=0.00s
[2025-08-02T08:42:38.006+0000][gc,marking  ] GC(6) Concurrent Clear Claimed Marks
[2025-08-02T08:42:38.006+0000][gc,marking  ] GC(6) Concurrent Clear Claimed Marks 0.674ms
[2025-08-02T08:42:38.007+0000][gc,marking  ] GC(6) Concurrent Cleanup for Next Mark
[2025-08-02T08:42:38.013+0000][gc,marking  ] GC(6) Concurrent Cleanup for Next Mark 5.755ms
[2025-08-02T08:42:38.013+0000][gc          ] GC(6) Concurrent Mark Cycle 51.001ms
[2025-08-02T08:43:04.907+0000][gc,start    ] GC(7) Pause Young (Prepare Mixed) (G1 Evacuation Pause)
[2025-08-02T08:43:04.908+0000][gc,task     ] GC(7) Using 8 workers of 8 for evacuation
[2025-08-02T08:43:04.927+0000][gc,phases   ] GC(7)   Pre Evacuate Collection Set: 1.4ms
[2025-08-02T08:43:04.927+0000][gc,phases   ] GC(7)   Merge Heap Roots: 0.2ms
[2025-08-02T08:43:04.927+0000][gc,phases   ] GC(7)   Evacuate Collection Set: 16.8ms
[2025-08-02T08:43:04.928+0000][gc,phases   ] GC(7)   Post Evacuate Collection Set: 1.2ms
[2025-08-02T08:43:04.928+0000][gc,phases   ] GC(7)   Other: 0.2ms
[2025-08-02T08:43:04.928+0000][gc,heap     ] GC(7) Eden regions: 50->0(44)
[2025-08-02T08:43:04.928+0000][gc,heap     ] GC(7) Survivor regions: 1->7(7)
[2025-08-02T08:43:04.928+0000][gc,heap     ] GC(7) Old regions: 15->17
[2025-08-02T08:43:04.928+0000][gc,heap     ] GC(7) Humongous regions: 138->138
[2025-08-02T08:43:04.928+0000][gc,metaspace] GC(7) Metaspace: 44338K(45312K)->44338K(45312K) NonClass: 39129K(39680K)->39129K(39680K) Class: 5208K(5632K)->5208K(5632K)
[2025-08-02T08:43:04.928+0000][gc          ] GC(7) Pause Young (Prepare Mixed) (G1 Evacuation Pause) 203M->161M(1024M) 20.925ms
[2025-08-02T08:43:04.928+0000][gc,cpu      ] GC(7) User=0.09s Sys=0.01s Real=0.02s
[2025-08-02T08:44:54.051+0000][gc,start    ] GC(8) Pause Young (Mixed) (G1 Evacuation Pause)
[2025-08-02T08:44:54.051+0000][gc,task     ] GC(8) Using 8 workers of 8 for evacuation
[2025-08-02T08:44:54.090+0000][gc,mmu      ] GC(8) MMU target violated: 21.0ms (20.0ms/21.0ms)
[2025-08-02T08:44:54.090+0000][gc,phases   ] GC(8)   Pre Evacuate Collection Set: 4.3ms
[2025-08-02T08:44:54.090+0000][gc,phases   ] GC(8)   Merge Heap Roots: 1.6ms
[2025-08-02T08:44:54.090+0000][gc,phases   ] GC(8)   Evacuate Collection Set: 30.7ms
[2025-08-02T08:44:54.090+0000][gc,phases   ] GC(8)   Post Evacuate Collection Set: 1.8ms
[2025-08-02T08:44:54.090+0000][gc,phases   ] GC(8)   Other: 0.6ms
[2025-08-02T08:44:54.091+0000][gc,heap     ] GC(8) Eden regions: 44->0(47)
[2025-08-02T08:44:54.091+0000][gc,heap     ] GC(8) Survivor regions: 7->4(7)
[2025-08-02T08:44:54.091+0000][gc,heap     ] GC(8) Old regions: 17->23
[2025-08-02T08:44:54.091+0000][gc,heap     ] GC(8) Humongous regions: 140->140
[2025-08-02T08:44:54.091+0000][gc,metaspace] GC(8) Metaspace: 47897K(48960K)->47897K(48960K) NonClass: 42414K(43008K)->42414K(43008K) Class: 5483K(5952K)->5483K(5952K)
[2025-08-02T08:44:54.091+0000][gc          ] GC(8) Pause Young (Mixed) (G1 Evacuation Pause) 207M->166M(1024M) 40.318ms
[2025-08-02T08:44:54.091+0000][gc,cpu      ] GC(8) User=0.21s Sys=0.04s Real=0.04s
[2025-08-02T08:46:09.759+0000][gc,heap,exit] Heap
[2025-08-02T08:46:09.760+0000][gc,heap,exit]  garbage-first heap   total 1048576K, used 201679K [0x00000000c0000000, 0x0000000100000000)
[2025-08-02T08:46:09.760+0000][gc,heap,exit]   region size 1024K, 35 young (35840K), 4 survivors (4096K)
[2025-08-02T08:46:09.760+0000][gc,heap,exit]  Metaspace       used 49289K, committed 50368K, reserved 1114112K
[2025-08-02T08:46:09.760+0000][gc,heap,exit]   class space    used 5715K, committed 6208K, reserved 1048576K
